// Jest Snapshot v1, https://goo.gl/fbAQLP

exports[`should snapshot test LazyImage 1`] = `
<span
  className=" lazy-load-image-background blur"
  style={
    Object {
      "backgroundImage": "",
      "backgroundSize": "",
      "color": "transparent",
      "display": "inline-block",
      "height": undefined,
      "width": undefined,
    }
  }
>
  <span
    className=" min-w-full lg:w-48"
    style={
      Object {
        "display": "inline-block",
      }
    }
  />
</span>
`;
